
> vav-central@0.1.0 build
> next build

Ôû▓ Next.js 16.1.6 (Turbopack)
- Environments: .env.local
- Experiments (use with caution):
  ┬À serverActions

node.exe : ÔÜá The 
"middleware" file 
convention is 
deprecated. Please use 
"proxy" instead. Learn 
more: https://nextjs.or
g/docs/messages/middlew
are-to-proxy
No linha:1 caractere:1
+ & "C:\Program 
Files\nodejs/node.exe" 
"C:\Program 
Files\nodejs/node_mo 
...
+ ~~~~~~~~~~~~~~~~~~~~~
~~~~~~~~~~~~~~~~~~~~~~~
~~~~~~~~~~~~~~~~~~~~~~~
~~
    + CategoryInfo     
         : NotSpecifi  
  ed: (ÔÜá The "midd   
 le...leware-to-pro    
xy:String) [], Rem    
oteException
    + FullyQualifiedEr 
   rorId : NativeComm  
  andError
 
  Creating an optimized production build ...
Error: Cannot apply 
unknown utility class 
`text-foreground`
    [2m[at 
onInvalidCandidate (C:\
Users\media\OneDrive\De
sktop\VAV SISTEMA\vav-c
entral\node_modules\tai
lwindcss\dist\lib.js:21
:1511)][0m
    [2m[at Te (C:\User
s\media\OneDrive\Deskto
p\VAV SISTEMA\vav-centr
al\node_modules\tailwin
dcss\dist\lib.js:16:366
52)][0m
    [2m[at C:\Users\me
dia\OneDrive\Desktop\VA
V SISTEMA\vav-central\n
ode_modules\tailwindcss
\dist\lib.js:21:355][0
m
    [2m[at Rr (C:\User
s\media\OneDrive\Deskto
p\VAV SISTEMA\vav-centr
al\node_modules\tailwin
dcss\dist\lib.js:3:1718
)][0m
    [2m[at _ (C:\Users
\media\OneDrive\Desktop
\VAV SISTEMA\vav-centra
l\node_modules\tailwind
css\dist\lib.js:3:1377)
][0m
    [2m[at $e (C:\User
s\media\OneDrive\Deskto
p\VAV SISTEMA\vav-centr
al\node_modules\tailwin
dcss\dist\lib.js:21:172
)][0m
    [2m[at un (C:\User
s\media\OneDrive\Deskto
p\VAV SISTEMA\vav-centr
al\node_modules\tailwin
dcss\dist\lib.js:38:294
)][0m
    [2m[at async cn (C
:\Users\media\OneDrive\
Desktop\VAV SISTEMA\vav
-central\node_modules\t
ailwindcss\dist\lib.js:
38:631)][0m
    [2m[at async Xr (C
:\Users\media\OneDrive\
Desktop\VAV SISTEMA\vav
-central\node_modules\@
tailwindcss\node\dist\i
ndex.js:10:3417)][0m
    [2m[at async I (C:
\Users\media\OneDrive\D
esktop\VAV SISTEMA\vav-
central\node_modules\@t
ailwindcss\postcss\dist
\index.js:10:3977)][0m

> Build error occurred
Error: Turbopack build 
failed with 1 errors:
./src/app/globals.css
Error evaluating 
Node.js code
CssSyntaxError: 
tailwindcss: C:\Users\m
edia\OneDrive\Desktop\V
AV SISTEMA\vav-central\
src\app\globals.css:1:1
: Cannot apply unknown 
utility class 
`text-foreground`
    at Input.error (nod
e_modules/postcss/lib/i
nput.js:135:16) [C:\Use
rs\media\OneDrive\Deskt
op\VAV SISTEMA\vav-cent
ral\.next\build\chunks\
node_modules_fe693df6._
.js:4651:22]
    at Root.error (node
_modules/postcss/lib/no
de.js:146:32) [C:\Users
\media\OneDrive\Desktop
\VAV SISTEMA\vav-centra
l\.next\build\chunks\no
de_modules_fe693df6._.j
s:928:38]
    [at Object.Once (C:
\Users\media\OneDrive\D
esktop\VAV SISTEMA\vav-
central\node_modules\@t
ailwindcss\postcss\dist
\index.js:10:6911)]
    at async 
LazyResult.runAsync (no
de_modules/postcss/lib/
lazy-result.js:293:11) 
[C:\Users\media\OneDriv
e\Desktop\VAV SISTEMA\v
av-central\.next\build\
chunks\node_modules_fe6
93df6._.js:6206:21]
    at async transform 
(turbopack:///[turbopac
k-node]/transforms/post
css.ts:70:34) [C:\Users
\media\OneDrive\Desktop
\VAV SISTEMA\vav-centra
l\.next\build\chunks\[r
oot-of-the-server]__512
25daf._.js:146:36]
    at async run (turbo
pack:///[turbopack-node
]/ipc/evaluate.ts:92:23
) [C:\Users\media\OneDr
ive\Desktop\VAV SISTEMA
\vav-central\.next\buil
d\chunks\[root-of-the-s
erver]__974941ed._.js:4
43:31]

Import trace:
  Client Component 
Browser:
    
./src/app/globals.css 
[Client Component 
Browser]
    
./src/app/layout.tsx 
[Server Component]


    at async transform 
(turbopack:///[turbopac
k-node]/transforms/post
css.ts:70:34) [C:\Users
\media\OneDrive\Desktop
\VAV SISTEMA\vav-centra
l\.next\build\chunks\[r
oot-of-the-server]__512
25daf._.js:146:36])
    at async run (turbo
pack:///[turbopack-node
]/ipc/evaluate.ts:92:23
) [C:\Users\media\OneDr
ive\Desktop\VAV SISTEMA
\vav-central\.next\buil
d\chunks\[root-of-the-s
erver]__974941ed._.js:4
43:31])
