SUPABASE DIRECT FETCH: []
